[    00000Intializing cgroup subsys cpuset
[    0.000000] Initializing cgroup subsys cpu
    0.000000] Initializing cgroup subsys cpuacct
[    0.000000] Linux version 4.0-22-generic (buildd@lgw01-41) (gcc version 5.3.1 20160413 (Ubuntu 5.3.1-14ubuntu2) ) #40-Ubuntu SMP Thu May 12 22:03:46 UTC 2016 (Ubuntu 4.4.0-22.40-generic 4.4.8)
[    0.000000] Command line: BOOT_IMAGE=/boot/vmlinuz-4.4.0-22-enric root=LAELcloudimgg-rootfs ro console=tty1 console=ttyS0
[    0.000000] KERNEL support cus:
  0.000000]   Intel GenuineIntel
[    0.000000]   AMD AuthenticAMD
[    0.000000]   Centa CtaurHauls
[    0.000000] x86/fpu: xstate_offset[2]:  576, xstate_sizes[2]:  256
[    0.000000] x86/fpu: Supporting XSAVE feature 0x01: 'x87 floating point registers'
[    0.000000x86/fpu: Supporting XSAVE feature 0x02: 'SSE registers'
[    0.000000] x86/fpu: Supporting XSAVE feature 0x04: 'AVX registers'
[    0.000000] x86/fpu: Enabled xstate features 0x7, context size is 832 bytes, using 'standard' foat.
[    0.000000] x86/fpu: Using 'lazy' FPU context switches.
[    0.000000] e820: BIOS-provided physica RAM map:
[    0.000000] BIOS-e820: [mem 0x0000000000000-0x000000000009fbff] usable
[    0.000000] BIOS-e820: [mem 0x000000000009fc00-0x000000000009ffff] reserved
[    0.000000] BIOS-e820: [mem 0x00000000000f0000-0x00000000000fffff] reerd
[    0.000000] BIOS-e820: [mem 0x0000000000100000-0x000000003ffeffff] usable
[    0.000000] BIOS-e820: [mem 0x000000003fff0000-0x000000003fffffff] ACPI data
[    0.000000] BIOS-e820: [mem 0x00000000fffc0000-0x00000000ffffffff] reserved
[    0.000000] NX (Execute Disable) protection: active
[    0.000000] SMBIOS 2.5 present.
[    0.000000] Hypervisor detected: KVM
[    0.000000] e820: last_pfn = 0x3fff0 max_arch_pfn = 0x400000000
[    0.000000] x86/PAT: Configuration [0-7]: WB  WC  UC- UC  WB  WC  UC- WT  
[    0.000000] MTR:Disable
   0.000] CPU MTRRs all blank - virtualized system.
[    0.000000] found SMP MP-table at [mem 0x0009fff0-0x0009ffff] mapped at [ffff88000009fff0]
[    0.000000] Scanning 1 areas fr low memory corruption
[    0.000000] RAMDISK: [mem 0x371b0000-0x378cffff]
[    0.000000] ACPI: Early table checksum verification disabled
[    0.00000] ACPI: RSDP 0x00000000000E0000 000024 (v02 VBOX  )
[    0.000000] ACPI: XSD 0x000003FFF0030 00003C (v01 VBOX   VBOXXSDT 00000001 ASL  00000061)
[    0.000000] ACPI FP 0x000000003FFF00F0 0000F4 (v04 VBOX   VBOXFACP 00000001 ASL  00000061)
[   000000] ACPI: DSDT 0x000000003FFF0470 011 (v01 VBOX   VBOXBIOS 00000002 INTL 20100528)
[    0.000000] ACPI: FACS 0x000000003FFF0200 000040
[    0.000000]CP: FAS x000000003FFF0200 000040
[    0000000] ACP: IC 0x0000003FFF0240 00005C (v02 VBOX   VBOXAPIC 00000001 ASL  00000061)
[    0.000000] ACP: SSDT 0x00000003FFFA0 0001CC (v01 VBOX   VBOXCPUT 00000002 INTL 20100528)
[    0.000000] No NUMA configuration found
[    0.000000] Faking a node at [mem 0x0000000000000000-0x000000003ffeffff]
[    0.000000] NODE_DATA(0) allocated [mem 3feb000-0xfffff]
[  000000] km-lock: Usngmss 4b564d01 and 4b564d00
[    0.000000] vm-clock: pu 0, r :3ffe001, primary cpclock[    0.000]kv-coc: in sched offset of 322240414 yces
[   00000]lockurce: kvm-clock: ask: 0ffffffffffffffff max_cycles: 0x1cd42e4dffb, max_idle_ns: 881590591483 ns
[    0.0000] Zon rngs:
  0.0000]   DMA      [me 00000000001000-0x0000000000ffffff]
[    0.000000]   DMA32    [mem 0x0000000001000000-0x000000003ffeffff]
[    0.000000]   Normal   empty
[    0.00000]   Device   empty
[   0.0000] Movble zone start for each ode
[    0.000000] Early memory node range
   0.000000]   node   0: [mem 0x0000000000001000-0x000000000009efff]
[    0.000000]   node   0: [mem 0x0000000000000-0x000000003ffeffff]
[    0.000000] Initmem setup node 0 [mem 0x0000000000001000-0x000000003ffeffff]
[    0.000000] ACPI: PM-Timer IO Port: 0x4008
[    0.000000] IOAPIC[0]: apic_id 2, version 17, address 0xfec00000, GSI 0-23
[    0.000000] ACPI: INT_SRC_OVR (bus 0 bus_irq 0 global_irq 2 dfl dfl)
[    0.000000] ACPI: INT_SRC_OVR (bus 0 bus_irq 9 obal_q  highev)
[  0.000000] sing ACPI (MADT) for SMP configuration information
[    0.000000] smpboot: Allowing 2 CPUs, 0 hotplug CPUs
[    0.000000] PM: Registered nosave memory: [mem 0x00000000-0x00000fff]
[    0.000000] PM: Registered nosave memory: [memm 0x09000-0x00fff]   0.0000] PM: Registered nosave memory: [mem 0x000a0000-0x000effff]
[    0.000000] PM:Regisre nosave memory: [mem 0x000f0000-0x000fffff]
[    0.000000] e820: [mem 0x40000000-xfbffff] available for PCI devices
[   0.00000] Booting paravirtualized kernel on KVM
   000000 cocksure: rein-jiffis:ask: 0xffffffff max_cycles: 0xffffffff, maxidle_ns: 7645519600211568 n
[   0.000]setup_percpu: NR_CPUS:256 nr_cpumask_bits:256 nr_cpu_ids:2 nr_node_ids:1
[[   0.0000] ERU: Ebeed33 pages/pu @ffff88003fc00000 s98008 r8192 d28968 u1048576
[    0.000000] PV qspinlock hash tabe ntie 256 (oder: 0, 4096 bytes)
[    0.0000But 1 zonelists in Node order, mobility grouinon. otl ge: 257913
[   00000] Policy zone: DMA32
[    0.000000] Kernel command line: BOOT_IMAGE=/boot/vmlinuz-4.4.0-22-generic root=LABEL=cloudimg-rootfs ro console=tty1 console=ttyS0
[    0.000000] PID hash table entries: 4096 (order: 3, 32768 bytes)
[    0.000000] Memory: 1005348K/1048120K available (8359K kernel code, 1278K rwdata, 30K rodata, 1480K init, 1292K bss, 42772K reserved, 0K cma-rserved)
[    0.000000] SLUB: HWalign=64, Order=0-3, MinObjects=0, CPUs=2, Nodes=1
[    0.000000] Hierarchical RCUmpemeaton
[   000000] 	Build-time adjustment of leaf fanout to 64.
[    0.000000] 	RCU restricting CPUs from NR_CPUS=256 to nr_cpu_ids=2.
[    0.000000] RCU: Adjusting geometry for rcu_fanout_leaf=64, nr_cpu_ids=2
[    0.000000] NR_IRQS:16640 nr_irqs:440 16
[    0.000000] Console: colour VGA+ 80x25
[    0.00000 cnsole [tty1] enabled
[    0.000000] console [ttyS0] enabled
[    0.000000] tsc: Detected 2600.000 MHz processor
[    4.821874] Calibrating delay loop (skipped) preset value.. 5200.00 BogoMIPS (lpj=10400000)
[    4.823796] pid_max: default: 32768 minimum: 301
[    4.824823] ACPI: Core revision 20150930
[  4.826514] ACPI: 2 ACPI AML tables successfully acquired and loaded
[    4.854321] Security Framework initialized
[    4.855309] Yama: becoming mindful.
[   4.856270] AppArmor: AppArmor initiaalized
[    4.872801] Dentry cache hash table entries: 131072 (order: 8, 1048576 bytes)
[    4.907455] Inode-cache hash table entries: 65536 (order: 7, 524288 bytes)
[    4.915960] Mount-cache hash table entries: 2048 (order: 2, 16384 bytes)
[    4.919915] Mountpoint-cache hash table entries: 2048 (order: 2, 16384 bytes)
[    4.957336] Initializing cgroup subsys io
[    4.958308] Initializing cgroup subsys memory
[    4.965201] Initializing cgroup subsys devices
[    4.967338] Initializing cgroup subsys freezer
[    4.981916] Initializing cgroup subsys net_cls
[    4.982974] Initializing cgroup subsys perf_event
[    4.984054] Initializing cgroup subsys net_prio
[    4.985077] Initializing cgroup subsys hugetlb
[    5.015072] Initializing cgroup subsys pids
[    5.019688] CPU: Physical Processor ID: 0
[    5.021318] CPU: Processor Core ID: 0
[    5.023278] mce: CPU supports 0 MCE banks
[    5.032320] Last level iTLB entries: 4KB 1024, 2MB 1024, 4MB 1024
[    5.033810] Last level dTLB entries: 4KB 1024, 2MB 1024, 4MB 1024, 1GB 4
[    5.043165] Freeing SMP alternatives memory: 28K (ffffffff820b3000 - ffffffff820ba000)
[    5.075935] ftrace: allocating 31906 entries in 125 pages
[    5.132790] smpboot: Max logical packages: 1
[    5.145801] smpboot: APIC(0) Converting physical 0 to logical package 0
[    5.153851] ..TIMER: vector=0x30 apic1=0 pin1=2 apic2=-1 pin2=-1
[    5.261759] smpboot: CPU0: Intel(R) Core(TM) i5-4278U CPU @ 2.60GHz (family: 0x6, model: 0x45, stepping: 0x1)
[    5.288054] Performance Events: unsupported p6 CPU model 69 no PMU driver, software events only.
[    5.312960] KVM setup paravirtual spinlock
[    5.315004] x86: Booting SMP configuration:
[    5.317511] .... node  #0, CPUs:      #1
[    5.322523] kvm-clock: cpu 1, msr 0:3ffe7041, secondary cpu clock
[    5.349561] mce: CPU supports 0 MCE banks
[    5.353905] x86: Booted up 1 node, 2 CPUs
[    5.365427] smpboot: Total of 2 processors activated (10400.00 BogoMIPS)
[    5.399684] devtmpfs: initialized
[    5.420133] evm: security.selinux
[    5.450492] evm: security.SMACK64
[    5.451300] evm: security.SMACK64EXEC
[    5.452164] evm: security.SMACK64TRANSMUTE
[    5.453095] evm: security.SMACK64MMAP
[    5.453956] evm: security.ima
[    5.467229] evm: security.capability
[    5.468744] clocksource: jiffies: mask: 0xffffffff max_cycles: 0xffffffff, max_idle_ns: 7645041785100000 ns
[    5.479413] pinctrl core: initialized pinctrl subsystem
[    5.502822] RTC time:  6:33:52, date: 05/19/16
[    5.505296] NET: Registered protocol family 16
[    5.530639] cpuidle: using governor ladder
[    5.577728] cpuidle: using governor menu
[    5.578901] PCCT header not found.
[    5.579907] ACPI: bus type PCI registered
[    5.599582] acpiphp: ACPI Hot Plug PCI Controller Driver version: 0.5
[    5.638574] PCI: Using configuration type 1 for base access
[    5.663490] ACPI: Added _OSI(Module Device)
[    5.717958] ACPI: Added _OSI(Processor Device)
[    5.749306] ACPI: Added _OSI(3.0 _SCP Extensions)
[    5.783967] ACPI: Added _OSI(Processor Aggregator Device)
[    5.808842] ACPI: Executed 1 blocks of module-level executable AML code
[    5.812215] ACPI: Interpreter enabled
[    5.838214] ACPI Exception: AE_NOT_FOUND, While evaluating Sleep State [\_S1_] (20150930/hwxface-580)
[    5.904370] ACPI Exception: AE_NOT_FOUND, While evaluating Sleep State [\_S2_] (20150930/hwxface-580)
[    5.911973] ACPI Exception: AE_NOT_FOUND, While evaluating Sleep State [\_S3_] (20150930/hwxface-580)
[    5.930483] ACPI Exception: AE_NOT_FOUND, While evaluating Sleep State [\_S4_] (20150930/hwxface-580)
[    5.956114] ACPI: (supports S0 S5)
[    5.975056] ACPI: Using IOAPIC for interrupt routing
[    6.005481] PCI: Using host bridge windows from ACPI; if necessary, use "pci=nocrs" and report a bug
[    6.013146] ACPI: PCI Root Bridge [PCI0] (domain 0000 [bus 00-ff])
[    6.042268] acpi PNP0A03:00: _OSC: OS supports [ASPM ClockPM Segments MSI]
[    6.107428] acpi PNP0A03:00: _OSC failed (AE_NOT_FOUND); disabling ASPM
[    6.108842] acpi PNP0A03:00: fail to add MMCONFIG information, can't access extended PCI configuration space under this bridge.
[    6.179195] PCI host bridge to bus 0000:00
[    6.235140] pci_bus 0000:00: root bus resource [io  0x0000-0x0cf7 window]
[    6.267207] pci_bus 0000:00: root bus resource [io  0x0d00-0xffff window]
[    6.314384] pci_bus 0000:00: root bus resource [mem 0x000a0000-0x000bffff window]
[    6.319049] pci_bus 0000:00: root bus resource [mem 0x40000000-0xffdfffff window]
[    6.399933] pci_bus 0000:00: root bus resource [bus 00-ff]
[    6.444324] pci 0000:00:01.1: legacy IDE quirk: reg 0x10: [io  0x01f0-0x01f7]
[    6.514151] pci 0000:00:01.1: legacy IDE quirk: reg 0x14: [io  0x03f6]
[    6.578242] pci 0000:00:01.1: legacy IDE quirk: reg 0x18: [io  0x0170-0x0177]
[    6.620191] pci 0000:00:01.1: legacy IDE quirk: reg 0x1c: [io  0x0376]
[    6.696395] ACPI: PCI Interrupt Link [LNKA] (IRQs 5 9 10 11) *0, disabled.
[    6.745223] ACPI: PCI Interrupt Link [LNKB] (IRQs 5 9 10 *11)
[    6.769133] ACPI: PCI Interrupt Link [LNKC] (IRQs 5 9 *10 11)
[    6.776930] ACPI: PCI Interrupt Link [LNKD] (IRQs 5 *9 10 11)
[    6.823977] ACPI: Enabled 2 GPEs in block 00 to 07
[    6.868407] vgaarb: setting as boot device: PCI:0000:00:02.0
[    6.908447] vgaarb: device added: PCI:0000:00:02.0,decodes=io+mem,owns=io+mem,locks=none
[    6.958634] vgaarb: loaded
[    6.979308] vgaarb: bridge control possible 0000:00:02.0
[    6.988983] SCSI subsystem initialized
[    6.990827] ACPI: bus type USB registered
[    6.991879] usbcore: registered new interface driver usbfs
[    7.007392] usbcore: registered new interface driver hub
[    7.020324] usbcore: registered new device driver usb
[    7.027660] PCI: Using ACPI for IRQ routing
[    7.039323] NetLabel: Initializing
[    7.061115] NetLabel:  domain hash size = 128
[    7.069444] NetLabel:  protocols = UNLABELED CIPSOv4
[    7.109678] NetLabel:  unlabeled traffic allowed by default
[    7.114936] clocksource: Switched to clocksource kvm-clock
[    7.141331] AppArmor: AppArmor Filesystem Enabled
[    7.145402] pnp: PnP ACPIni
[    25627] pnp: PnP ACPI: found 4 devices

[    7.3410clksrc: acpim:as 0xffffff max_cycs:xfff m_idlens: 2085701024 ns
[   0816 NT:egteedrocofaly2
[    8.625774] TCP established hash tale entries: 8192 (order: 4, 65536 bytes)

[    8.620] CP bind hash table entries: 8192 (order: 5, 131072bys)[   8865] P:Ha tabesongud esabshd 92bind 8192)
[    9.593969] UDP hash table entries: 512 (order: 2, 16384 bytes)
[    9956]DP-Lite hash table entries:51(oer 2,634 yts)[ 100672 NET: Registered procl mi 1
[ 105245pc0000:00:00.0: Limiting direct PCI/PCI transfers
[   10.771433] pci 0000:00:01.0: ActivatngISDM hngoraruns
[   1.098] ryg  uackootfs images itrfs..

[   16063Freeing initrd memory: 7296K (fff001b00 ff88038d00)
[   14.173609] RAPL PMU detected, API unit is 2^-32 Joules, 4 fixed counters 10737418240 ms ovfl timer
[   14.192193] hw unit of domain pp0-core 2^-0 Joules
[   14.208279] hw unit of domain package 2^-0 Joules
[   14.233872] hw unit of domain dram 2^-0 Joules
[   14.269120] hw unit of domain pp1-gpu 2^-0 Joules
[   14.309197] platform rtc_cmos: registered platform RTC device (no PNP device found)
[   14.332724] Scanning for low memory corruption every 60 seconds
[   14.360807] futex hash table entries: 512 (order: 3, 32768 bytes)
[   14.377700] audit: initializing netlink subsys (disabled)
[   14.398272] audit: type=2000 audit(1463639639.433:1): initialized
[   14.407679] Initialise system trusted keyring
[   14.411531] HugeTLB registered 2 MB page size, pre-allocated 0 pages
[   14.477669] zbud: loaded
[   14.486457] VFS: Disk quotas dquot_6.6.0
[   14.487467] VFS: Dquot-cache hash table entries: 512 (order 0, 4096 bytes)
[   14.510045] fuse init (API version 7.23)
[   14.513075] Key type big_key registered
[   14.514073] Allocating IMA MOK and blacklist keyrings.
[   14.532862] Key type asymmetric registered
[   14.580677] Asymmetric key parser 'x509' registered
[   14.589620] Block layer SCSI generic (bsg) driver version 0.4 loaded (major 249)
[   14.616818] io scheduler noop registered
[   14.637490] io scheduler deadline registered (default)
[   14.707309] io scheduler cfq registered
[   14.719966] pci_hotplug: PCI Hot Plug PCI Core version: 0.5
[   14.768720] pciehp: PCI Express Hot Plug Controller Driver version: 0.4
[   14.770455] ACPI: AC Adapter [AC] (on-line)
[   14.771742] input: Power Button as /devices/LNXSYSTM:00/LNXPWRBN:00/input/input0
[   14.796278] ACPI: Power Button [PWRF]
[   14.797296] input: Sleep Button as /devices/LNXSYSTM:00/LNXSLPBN:00/input/input1
[   14.800401] ACPI: Sleep Button [SLPF]
[   14.818585] ACPI: Battery Slot [BAT0] (battery present)
[   14.821029] GHES: HEST is not enabled!
[   14.822348] Serial: 8250/16550 driver, 32 ports, IRQ sharing enabled
[   14.858217] 00:03: ttyS0 at I/O 0x3f8 (irq = 4, base_baud = 115200) is a 16550A
[   14.911567] Linux agpgart interface v0.103
[   14.922526] brd: module loaded
[   14.948287] loop: module loaded
[   14.966939] scsi host0: ata_piix
[   14.971672] scsi host1: ata_piix
[   14.972569] ata1: PATA max UDMA/33 cmd 0x1f0 ctl 0x3f6 bmdma 0xd000 irq 14
[   14.974056] ata2: PATA max UDMA/33 cmd 0x170 ctl 0x376 bmdma 0xd008 irq 15
[   14.998514] libphy: Fixed MDIO Bus: probed
[   14.999899] tun: Universal TUN/TAP device driver, 1.6
[   15.008951] tun: (C) 1999-2004 Max Krasnyansky <maxk@qualcomm.com>
[   15.010428] PPP generic driver version 2.4.2
[   15.027211] ehci_hcd: USB 2.0 'Enhanced' Host Controller (EHCI) Driver
[   15.040299] ehci-pci: EHCI PCI platform driver
[   15.076335] ehci-platform: EHCI generic platform driver
[   15.088713] ohci_hcd: USB 1.1 'Open' Host Controller (OHCI) Driver
[   15.096872] ohci-pci: OHCI PCI platform driver
[   15.097890] ohci-platform: OHCI generic platform driver
[   15.119042] uhci_hcd: USB Universal Host Controller Interface driver
[   15.123145] i8042: PNP: PS/2 Controller [PNP0303:PS2K,PNP0f03:PS2M] at 0x60,0x64 irq 1,12
[   15.128048] serio: i8042 KBD port at 0x60,0x64 irq 1
[   15.129305] serio: i8042 AUX port at 0x60,0x64 irq 12
[   15.132746] mousedev: PS/2 mouse device common for all mice
[   15.137238] input: AT Translated Set 2 keyboard as /devices/platform/i8042/serio0/input/input2
[   15.140010] rtc_cmos rtc_cmos: rtc core: registered rtc_cmos as rtc0
[   15.141399] rtc_cmos rtc_cmos: alarms up to one day, 114 bytes nvram
[   15.150242] i2c /dev entries driver
[   15.151204] device-mapper: uevent: version 1.0.3
[   15.152525] device-mapper: ioctl: 4.34.0-ioctl (2015-10-28) initialised: dm-devel@redhat.com
[   15.154426] ledtrig-cpu: registered to indicate activity on CPUs
[   15.156805] NET: Registered protocol family 10
[   15.158954] NET: Registered protocol family 17
[   15.160191] Key type dns_resolver registered
[   15.161753] microcode: CPU0 sig=0x40651, pf=0x2, revision=0x19
[   15.163134] microcode: CPU1 sig=0x40651, pf=0x2, revision=0x19
[   15.164166] microcode: Microcode Update Driver: v2.01 <tigran@aivazian.fsnet.co.uk>, Peter Oruba
[   15.171799] registered taskstats version 1
[   15.175758] Loading compiled-in X.509 certificates
[   15.186266] Loaded X.509 cert 'Build time autogenerated kernel key: 10281ca0c0463cd0680138fff55319c9bd7d63b8'
[   15.192852] zswap: loaded using pool lzo/zbud
[   15.197048] Key type trusted registered
[   15.203913] Key type encrypted registered
[   15.205852] AppArmor: AppArmor sha1 policy hashing enabled
[   15.208882] ima: No TPM chip found, activating TPM-bypass!
[   15.231802] evm: HMAC attrs: 0x1
[   15.233254]   Magic number: 0:86:570
[   15.238165] button LNXSLPBN:00: hash matches
[   15.243587] rtc_cmos rtc_cmos: setting system clock to 2016-05-19 06:34:02 UTC (1463639642)
[   15.252783] BIOS EDD facility v0.16 2004-Jun-25, 0 devices found
[   15.267977] EDD information not available.
[   15.282223] Freeing unused kernel memory: 1480K (ffffffff81f41000 - ffffffff820b3000)
[   15.293324] Write protecting the kernel read-only data: 14336k
[   15.314928] Freeing unused kernel memory: 1868K (ffff88000182d000 - ffff880001a00000)
[   15.315012] tsc: Refined TSC clocksource calibration: 2600.543 MHz
[   15.315014] clocksource: tsc: mask: 0xffffffffffffffff max_cycles: 0x257c3cf451e, max_idle_ns: 440795213192 ns
[   15.385691] Freeing unused kernel memory: 176K (ffff880001dd4000 - ffff880001e00000)
Loading, please wait...
[   15.403830] random: systemd-udevd urandom read with 2 bits of entropy available
starting version 229
[   15.432948] e1000: Intel(R) PRO/1000 Network Driver - version 7.3.21-k8-NAPI
[   15.441015] e1000: Copyright (c) 1999-2006 Intel Corporation.
[   15.442672] Fusion MPT base driver 3.04.20
[   15.446148] Copyright (c) 1999-2008 LSI Corporation
[   15.459076] Fusion MPT SPI Host driver 3.04.20
[   15.489965] AVX version of gcm_enc/dec engaged.
[   15.508054] AES CTR mode by8 optimization enabled
[   15.510669] mptbase: ioc0: Initiating bringup
[   15.572030] ioc0: LSI53C1030 A0: Capabilities={Initiator}
[   15.690810] input: ImExPS/2 Generic Explorer Mouse as /devices/platform/i8042/serio1/input/input4
[   15.740940] scsi host2: ioc0: LSI53C1030 A0, FwRev=00000000h, Ports=1, MaxQ=256, IRQ=20
[   16.299463] scsi 2:0:0:0: Direct-Access     VBOX     HARDDISK         1.0  PQ: 0 ANSI: 5
[   16.392038] scsi target2:0:0: Beginning Domain Validation
[   16.413637] scsi target2:0:0: Domain Validation skipping write tests
[   16.431419] scsi target2:0:0: Ending Domain Validation
[   16.438048] scsi target2:0:0: asynchronous
[   16.455103] scsi 2:0:1:0: Direct-Access     VBOX     HARDDISK         1.0  PQ: 0 ANSI: 5
[   16.479575] scsi target2:0:1: Beginning Domain Validation
[   16.484203] scsi target2:0:1: Domain Validation skipping write tests
[   16.485657] scsi target2:0:1: Ending Domain Validation
[   16.487978] scsi target2:0:1: asynchronous
[   16.591737] sd 2:0:0:0: Attached scsi generic sg0 type 0
[   16.595417] sd 2:0:0:0: [sda] 20971520 512-byte logical blocks: (10.7 GB/10.0 GiB)
[   16.597779] sd 2:0:1:0: Attached scsi generic sg1 type 0
[   16.623612] sd 2:0:0:0: [sda] Write Protect is off
[   16.641061] sd 2:0:1:0: [sdb] 20480 512-byte logical blocks: (10.5 MB/10.0 MiB)
[   16.652556] sd 2:0:0:0: [sda] Incomplete mode parameter data
[   16.654913] sd 2:0:0:0: [sda] Assuming drive cache: write through
[   16.657024] sd 2:0:1:0: [sdb] Write Protect is off
[   16.659552] sd 2:0:1:0: [sdb] Incomplete mode parameter data
[   16.682130] sd 2:0:1:0: [sdb] Assuming drive cache: write through
[   16.691832]  sda: sda1
[   16.693454] sd 2:0:0:0: [sda] Attached SCSI disk
[   16.696274] sd 2:0:1:0: [sdb] Attached SCSI disk
[   16.766103] e1000 0000:00:03.0 eth0: (PCI:33MHz:32-bit) 02:2d:85:bd:ba:e8
[   16.839330] e1000 0000:00:03.0 eth0: Intel(R) PRO/1000 Network Connection
[   17.284863] e1000 0000:00:08.0 eth1: (PCI:33MHz:32-bit) 08:00:27:9c:47:9c
[   17.305801] e1000 0000:00:08.0 eth1: Intel(R) PRO/1000 Network Connection
[   17.308513] e1000 0000:00:08.0 enp0s8: renamed from eth1
[   17.339100] e1000 0000:00:03.0 enp0s3: renamed from eth0
[   18.529712] floppy0: no floppy controllers found
Begin: Loading e[   20.905452] md: linear personality registered for level -1
ssential drivers ... [   20.970798] md: multipath personality registered for level -4
[   20.996643] md: raid0 personality registered for level 0
[   21.011489] md: raid1 personality registered for level 1
[   21.131263] raid6: sse2x1   gen()  9239 MB/s
[   21.247004] raid6: sse2x1   xor()  7026 MB/s
[   21.331477] raid6: sse2x2   gen() 11323 MB/s
[   21.408355] raid6: sse2x2   xor()  7658 MB/s
[   21.487037] raid6: sse2x4   gen() 13432 MB/s
[   21.559122] raid6: sse2x4   xor()  8998 MB/s
[   21.598475] raid6: using algorithm sse2x4 gen() 13432 MB/s
[   21.641606] raid6: .... xor() 8998 MB/s, rmw enabled
[   21.648495] raid6: using ssse3x2 recovery algorithm
[   21.651851] xor: automatically using best checksumming function:
[   21.715020]    avx       : 18977.000 MB/sec
[   21.730018] async_tx: api initialized (async)
[   21.741728] md: raid6 personality registered for level 6
[   21.743154] md: raid5 personality registered for level 5
[   21.752841] md: raid4 personality registered for level 4
[   21.777272] md: raid10 personality registered for level 10
done.
Begin: Running /scripts/init-premount ... done.
Begin: Mounting root file sys[   21.856735] Btrfs loaded
tem ... Begin: Running /scripts/local-top ... done.
Begin: Running /scripts/local-premount ... Scanning for Btrfs filesystems
done.
Warning: fsck not present[   21.925660] EXT4-fs (sda1): mounted filesystem with ordered data mode. Opts: (null)
, so skipping root file system
done.
Begin: Running /scripts/local-bottom ... done.
Begin: Running /scripts/init-bottom ... Warning: overlayroot: debug is busted
done.
[   22.048360] systemd[1]: systemd 229 running in system mode. (+PAM +AUDIT +SELINUX +IMA +APPARMOR +SMACK +SYSVINIT +UTMP +LIBCRYPTSETUP +GCRYPT +GNUTLS +ACL +XZ -LZ4 +SECCOMP +BLKID +ELFUTILS +KMOD -IDN)
[   22.129859] systemd[1]: Detected virtualization oracle.
[   22.146306] systemd[1]: Detected architecture x86-64.

Welcome to [1mUbuntu 16.04 LTS[0m!

[   22.181671] systemd[1]: Set hostname to <ubuntu-xenial>.
[   22.275059] systemd[1]: pollinate.service: Found ordering cycle on pollinate.service/start
[   22.278441] systemd[1]: pollinate.service: Found dependency on network-online.target/start
[   22.379544] systemd[1]: pollinate.service: Found dependency on network.target/start
[   22.387190] systemd[1]: pollinate.service: Found dependency on pollinate.service/start
[   22.465535] systemd[1]: pollinate.service: Breaking ordering cycle by deleting job network-online.target/start
[   22.516361] systemd[1]: network-online.target: Job network-online.target/start deleted to break ordering cycle starting with pollinate.service/start
[[0;1;31m SKIP [0m] Ordering cycle found, skipping Network is Online
[   22.652907] systemd[1]: Listening on Device-mapper event daemon FIFOs.
[[0;32m  OK  [0m] Listening on Device-mapper event daemon FIFOs.
[   22.670465] systemd[1]: Listening on Journal Socket.
[[0;32m  OK  [0m] Listening on Journal Socket.
[   22.687232] systemd[1]: Listening on LVM2 poll daemon socket.
[[0;32m  OK  [0m] Listening on LVM2 poll daemon socket.
[   22.697737] systemd[1]: Started Forward Password Requests to Wall Directory Watch.
[[0;32m  OK  [0m] Started Forward Password Requests to Wall Directory Watch.
[   22.756261] systemd[1]: Listening on Journal Audit Socket.
[[0;32m  OK  [0m] Listening on Journal Audit Socket.
[   22.828412] systemd[1]: Listening on Journal Socket (/dev/log).
[[0;32m  OK  [0m] Listening on Journal Socket (/dev/log).
[   22.875687] systemd[1]: Created slice System Slice.
[[0;32m  OK  [0m] Created slice System Slice.
[   22.972067] systemd[1]: Created slice system-serial\x2dgetty.slice.
[[0;32m  OK  [0m] Created slice system-serial\x2dgetty.slice.
[   23.027360] systemd[1]: Mounting Huge Pages File System...
         Mounting Huge Pages File System...
[   23.068165] systemd[1]: Created slice system-getty.slice.
[[0;32m  OK  [0m] Created slice system-getty.slice.
[   23.155265] systemd[1]: Starting Load Kernel Modules...
[   23.168162] Loading iSCSI transport class v2.0-870.
         Startin[   23.178503] iscsi: registered transport (tcp)
g Load Kernel Modules...
[   23.215317] systemd[1]: Listening on Syslog Socket.
[[0;32m  OK  [0m] Listening on Syslog Socket.
[   23.235217] systemd[1]: Reached target User and Group Name Lookups.
[[0;32m  OK  [[   23.237642] iscsi: registered transport (iser)
0m] Reached target User and Group Name Lookups.
[   23.295623] systemd[1]: Starting Remount Root and Kernel File Systems...
[   23.299620] EXT4-fs (sda1): re-mounted. Opts: (null)
         Starting Remount Root and Kernel File Systems...
[   23.427848] systemd[1]: Created slice User and Session Slice.
[[0;32m  OK  [0m] Created slice User and Session Slice.
[   23.464575] systemd[1]: Reached target Swap.
[[0;32m  OK  [0m] Reached target Swap.
[   23.479461] systemd[1]: Listening on udev Kernel Socket.
[[0;32m  OK  [0m] Listening on udev Kernel Socket.
[   23.528272] systemd[1]: Listening on LVM2 metadata daemon socket.
[[0;32m  OK  [0m] Listening on LVM2 metadata daemon socket.
[   23.607457] systemd[1]: Mounting POSIX Message Queue File System...
         Mounting POSIX Message Queue File System...
[   23.664019] systemd[1]: Listening on udev Control Socket.
[[0;32m  OK  [0m] Listening on udev Control Socket.
[   23.724287] systemd[1]: Set up automount Arbitrary Executable File Formats File System Automount Point.
[[0;32m  OK  [0m] Set up automount Arbitrary Executab...ats File System Automount Point.
[   23.807777] systemd[1]: Starting Create list of required static device nodes for the current kernel...
         Starting Create list of required st... nodes for the current kernel...
[   23.920905] systemd[1]: Starting Uncomplicated firewall...
         Starting Uncomplicated firewall...
[   23.959624] systemd[1]: Reached target Encrypted Volumes.
[[0;32m  OK  [0m] Reached target Encrypted Volumes.
[   24.044035] systemd[1]: Listening on /dev/initctl Compatibility Named Pipe.
[[0;32m  OK  [0m] Listening on /dev/initctl Compatibility Named Pipe.
[   24.107935] systemd[1]: Starting Journal Service...
         Starting Journal Service...
[   24.132426] systemd[1]: Starting Monitoring of LVM2 mirrors, snapshots etc. using dmeventd or progress polling...
         Starting Monitoring of LVM2 mirrors... dmeventd or progress polling...
[   24.259523] systemd[1]: Mounting Debug File System...
         Mounting Debug File System...
[   24.339231] systemd[1]: Reached target Slices.
[[0;32m  OK  [0m] Reached target Slices.
[   24.419251] systemd[1]: Starting Nameserver information manager...
         Starting Nameserver information manager...
[   24.484499] systemd[1]: Mounted POSIX Message Queue File System.
[[0;32m  OK  [0m] Mounted POSIX Message Queue File System.
[   24.520545] systemd[1]: Mounted Huge Pages File System.
[[0;32m  OK  [0m] Mounted Huge Pages File System.
[   24.543447] systemd[1]: Mounted Debug File System.
[[0;32m  OK  [0m] Mounted Debug File System.
[   24.572434] systemd[1]: Started Journal Service.
[[0;32m  OK  [0m] Started Journal Service.
[[0;32m  OK  [0m] Started Load Kernel Modules.
[[0;32m  OK  [0m] Started Remount Root and Kernel File Systems.
[[0;32m  OK  [0m] Started Create list of required sta...ce nodes for the current kernel.
[[0;32m  OK  [0m] Started Uncomplicated firewall.
[[0;32m  OK  [0m] Started Nameserver information manager.
[[0;32m  OK  [0m[   24.865197] random: nonblocking pool is initialized
] Started LVM2 metadata daemon.
         Starting Create Static Device Nodes in /dev...
         Starting Load/Save Random Seed...
         Starting udev Coldplug all Devices...
         Starting Apply Kernel Variables...
         Mounting FUSE Control File System...
         Starting Flush Journal to Persistent Storage...
[[0;32m  OK  [0m] Mounted FUSE Control File System.
[[0;32m  OK  [0m] Started Create Static Device Nodes in /dev.
[[0;32m  OK  [0m] Started Load/Save Random Seed.
[[0;32m  OK  [0m] Started Monitoring of LVM2 mirrors,...ng dmeventd or progress polling.
[[0;32m  OK  [0m] Started Apply Kernel Variables.
[[0;32m  OK  [0m] Started udev Coldplug all Devices.
[[0;32m  OK  [0m] Started Flush Journal to Persistent Storage.
         Starting udev Kernel Device Manager...
[[0;32m  OK  [0m] Started udev Kernel Device Manager.
[[0;32m  OK  [0m] Started Dispatch Password Requests to Console Directory Watch.
[[0;32m  OK  [0m] Reached target Local File Systems (Pre).
[[0;32m  OK  [0m] Reached target Local File Systems.
         Starting Tell Plymouth To Write Out Runtime Data...
         Starting Initial cloud-init job (pre-networking)...
         Starting Set console keymap...
         Starting Create Volatile Files and Directories...
         Starting LSB: AppArmor initialization...
[[0;32m  OK  [0m] Started Tell Plymouth To Write Out Runtime Data.
[[0;32m  OK  [0m] Started Set console keymap.
[[0;32m  OK  [0m] Started Create Volatile Files and Directories.
[[0;32m  OK  [0m] Found device /dev/ttyS0.
[[0;32m  OK  [0m] Started LSB: AppArmor initialization.
[[0;32m  OK  [0m] Listening on Load/Save RF Kill Switch Status /dev/rfkill Watch.
         Starting Update UTMP about System Boot/Shutdown...
[[0;32m  OK  [0m] Reached target System Time Synchronized.
[[0;32m  OK  [0m] Started Update UTMP about System Boot/Shutdown.
[[0;32m  OK  [0m] Reached target System Initialization.
[[0;32m  OK  [0m] Listening on ACPID Listen Socket.
[[0;32m  OK  [0m] Started Daily Cleanup of Temporary Directories.
         Starting Socket activation for snappy daemon.
[[0;32m  OK  [0m] Started Trigger resolvconf update for networkd DNS.
[[0;32m  OK  [0m] Listening on D-Bus System Message Bus Socket.
[[0;32m  OK  [0m] Listening on UUID daemon activation socket.
         Starting LXD - unix socket.
[[0;32m  OK  [0m] Started Daily apt activities.
[[0;32m  OK  [0m] Reached target Timers.
[[0;32m  OK  [0m] Started ACPI Events Check.
[[0;32m  OK  [0m] Reached target Paths.
[[0;32m  OK  [0m] Listening on Socket activation for snappy daemon.
[[0;32m  OK  [0m] Listening on LXD - unix socket.
[[0;32m  OK  [0m] Reached target Sockets.
[[0;32m  OK  [0m] Reached target Basic System.
[[0;32m  OK  [0m] Started Regular background program processing daemon.
         Starting Accounts Service...
         Starting VirtualBox Linux Additions kernel modules...
         Starting VirtualBox Linux Additions X11 setup...
         Starting LSB: MD monitoring daemon...
[[0;32m  OK  [0m] Started ACPI event daemon.
         Starting LSB: Record successful boot for GRUB...
         Starting LXD - container startup/shutdown...
         Starting System Logging Service...
[[0;32m  OK  [0m] Started FUSE filesystem for LXC.
[[0;32m  OK  [0m] Started Deferred execution scheduler.
         Starting Login Service...
[   20.474021] cloud-init[522]: Cloud-init v. 0.7.7 running 'init-local' at Thu, 19 May 2016 06:34:13 +0000. Up 19.83 seconds.
[[0;32m  OK  [0m] Started D-Bus System Message Bus.
[[0;32m  OK  [0m] Started System Logging Service.
[[0;32m  OK  [0m] Started VirtualBox Linux Additions kernel modules.
[[0;32m  OK  [0m] Started VirtualBox Linux Additions X11 setup.
[[0;32m  OK  [0m] Started LXD - container startup/shutdown.
[[0;32m  OK  [0m] Started Initial cloud-init job (pre-networking).
[[0;32m  OK  [0m] Started LSB: Record successful boot for GRUB.
[[0;32m  OK  [0m] Started LSB: MD monitoring daemon.
[[0;32m  OK  [0m] Started Login Service.
         Starting Authenticate and Authorize Users to Run Privileged Tasks...
[[0;32m  OK  [0m] Reached target Network (Pre).
         Starting Raise network interfaces...
         Starting VirtualBox Additions Service...
[[0;32m  OK  [0m] Started VirtualBox Additions Service.
[[0;32m  OK  [0m] Started Authenticate and Authorize Users to Run Privileged Tasks.
[[0;32m  OK  [0m] Started Accounts Service.
[[0;32m  OK  [0m] Started ifup for enp0s3.
[[0;32m  OK  [0m] Found device 82540EM Gigabit Ethern...r (PRO/1000 MT Desktop Adapter).
[[0;32m  OK  [0m] Started Raise network interfaces.
[[0;32m  OK  [0m] Reached target Network.
         Starting iSCSI initiator daemon (iscsid)...
         Starting /etc/rc.local Compatibility...
         Starting Initial cloud-init job (metadata service crawler)...
[[0;32m  OK  [0m] Started /etc/rc.local Compatibility.
[[0;32m  OK  [0m] Started iSCSI initiator daemon (iscsid).
         Starting Login to default iSCSI targets...
[[0;32m  OK  [0m] Started Login to default iSCSI targets.
[[0;32m  OK  [0m] Reached target Remote File Systems (Pre).
[[0;32m  OK  [0m] Reached target Remote File Systems.
         Starting LSB: automatic crash report generation...
         Starting LSB: daemon to balance interrupts for SMP systems...
         Starting LSB: Set the CPU Frequency Scaling governor to "ondemand"...
[[0;32m  OK  [0m] Started LSB: automatic crash report generation.
[[0;32m  OK  [0m] Started LSB: daemon to balance interrupts for SMP systems.
[[0;32m  OK  [0m] Started LSB: Set the CPU Frequency Scaling governor to "ondemand".
[   23.547701] cloud-init[1091]: Cloud-init v. 0.7.7 running 'init' at Thu, 19 May 2016 06:34:16 +0000. Up 22.77 seconds.
[   23.564238] cloud-init[1091]: ci-info: ++++++++++++++++++++++++++++++++++++++Net device info++++++++++++++++++++++++++++++++++++++
[   23.587491] cloud-init[1091]: ci-info: +--------+-------+----------------------------+---------------+-------+-------------------+
[   23.604607] cloud-init[1091]: ci-info: | Device |   Up  |          Address           |      Mask     | Scope |     Hw-Address    |
[   23.661553] cloud-init[1091]: ci-info: +--------+-------+----------------------------+---------------+-------+-------------------+
[[0;32m  OK  [0m] Started Initial cloud-init job (metadata service crawler).
[[0;32m  OK  [0m] Reached target Cloud-config availability.
[   23.739313] cloud-init[1091]: ci-info: | enp0s8 | False |             .              |       .       |   .   | 08:00:27:9c:47:9c |
[   23.762998]          Starting Apply the settings specified in cloud-config...
cloud-init[1091]: ci-info: | enp0s3 |  True |         10.0.2.15          | 255.255.255.0 |   .   | 02:2d:85:bd:ba:e8 |         Starting OpenBSD Secure Shell server...
         Starting Permit User Sessions...

[   23.778981] cloud-init[1091]: ci-info: | enp0s3 |  True | fe80::2d:85ff:febd:bae8/64 |       .       |  link | 02:2d:85:bd:ba:e8 |
[   23.786547] [[0;32m  OK  [0m] Started Permit User Sessions.
cloud-init[1091]: ci-info: |   lo   |  True |         127.0.0.1          |   255.0.0.0   |   .   |         .         |         Starting Terminate Plymouth Boot Screen...
         Starting Hold until boot process finishes up...
[[0;32m  OK  [0m] Started Terminate Plymouth Boot Screen.

[   23.818070] cloud-init[1091]: ci-info: |   lo   |  True |          ::1/128           |       .       |  host |         .         |
[[0;32m  OK  [0m] Started Hold until boot process finishes up.
[   23.838817] cloud-init[1091]: ci-info: +--------+-------+----------------------------+---------------+-------+-------------------+
[   23.863209] cloud-init[1091]: ci-info: +++++++++++++++++++++++++++Route IPv4 info++++++++++++++++++++++++++++
[   23.871281] cloud-init[1091]: ci-info: +-------+-------------+----------+---------------+-----------+-------+
[[0;32m  OK  [0m] Started Getty on tty1.
[   23.882264] cloud-init[1091]: ci-info: | Route | Destination | Gateway  |    Genmask    | Interface | Flags |
[[0;32m  OK  [0m] Started Serial Getty on ttyS0.
[   23.905863] cloud-init[1091]: ci-info: +-------+-------------+----------+---------------+-----------+-------+
[   23.910737] cloud-init[1091]: ci-info: |   0   |   0.0.0.0   | 10.0.2.2 |    0.0.0.0    |   enp0s3  |   UG  |
[[0;32m  OK  [0m] Reached target Login Prompts.
[   23.933608] cloud-init[1091]: ci-info: |   1   |   10.0.2.0  | 0.0.0.0  | 255.255.255.0 |   enp0s3  |   U   |
[   23.946094] cloud-init[1091]: ci-info: +-------+-------------+----------+---------------+-----------+-------+
[[0;32m  OK  [0m] Started OpenBSD Secure Shell server.
[[0;32m  OK  [0m] Created slice User Slice of ubuntu.
         Starting User Manager for UID 1000...
[[0;32m  OK  [0m] Started Session 1 of user ubuntu.
[[0;32m  OK  [0m] Started User Manager for UID 1000.
[   24.463438] cloud-init[1193]: Cloud-init v. 0.7.7 running 'modules:config' at Thu, 19 May 2016 06:34:18 +0000. Up 24.33 seconds.
[[0;32m  OK  [0m] Started Apply the settings specified in cloud-config.
         Starting Execute cloud user/final scripts...
[   24.926399] cloud-init[1286]: Cloud-init v. 0.7.7 running 'modules:final' at Thu, 19 May 2016 06:34:18 +0000. Up 24.84 seconds.
[   24.952576] cloud-init[1286]: Cloud-init v. 0.7.7 finished at Thu, 19 May 2016 06:34:18 +0000. Datasource DataSourceNoCloudNet [seed=/dev/sdb][dsmode=net].  Up 24.92 seconds
[[0;32m  OK  [0m] Started Execute cloud user/final scripts.
[[0;32m  OK  [0m] Reached target Cloud-init target.
[[0;32m  OK  [0m] Reached target Multi-User System.
[[0;32m  OK  [0m] Reached target Graphical Interface.
         Starting Update UTMP about System Runlevel Changes...
[[0;32m  OK  [0m] Started Update UTMP about System Runlevel Changes.

Ubuntu 16.04 LTS ubuntu-xenial ttyS0

ubuntu-xenial login: 